PLINK v1.90b6.21 64-bit (19 Oct 2020)
Options in effect:
  --biallelic-only
  --maf 0.05
  --out test
  --recode vcf
  --vcf /home/szhou/DSC180/test/testdata/test_genotypes.vcf

Hostname: szhou-1169
Working directory: /home/szhou/DSC180
Start time: Tue Nov 29 17:28:47 2022

Random number seed: 1669771727
257652 MB RAM detected; reserving 128826 MB for main workspace.
--vcf: test-temporary.bed + test-temporary.bim + test-temporary.fam written.
4 variants loaded from .bim file.
5 people (0 males, 0 females, 5 ambiguous) loaded from .fam.
Ambiguous sex IDs written to test.nosex .
Using 1 thread (no multithreaded calculations invoked).
Before main variant filters, 5 founders and 0 nonfounders present.
Calculating allele frequencies... done.
0 variants removed due to minor allele threshold(s)
(--maf/--max-maf/--mac/--max-mac).
4 variants and 5 people pass filters and QC.
Note: No phenotypes present.
--recode vcf to test.vcf ... done.

End time: Tue Nov 29 17:28:47 2022
